工具测试文件
创建时间: 2026-07-02 18:00
测试项目:
1. 文件写入测试
2. 日期时间处理
3. 工具功能验证

测试结果:
- 写入功能: 成功
- 中文支持: 成功
- 时间戳生成: 成功